// Jest Snapshot v1, https://goo.gl/fbAQLP

exports[`ErrorValidation renders ErrorValidation 1`] = `
<div
  className="error-message"
>
  <ul>
    <li>
      -
      error 1
    </li>
    <li>
      -
      error 2
    </li>
  </ul>
</div>
`;
